app-example/app/(tabs)/_layout.tsx(4,27): error TS2307: Cannot find module '@/components/haptic-tab' or its corresponding type declarations.
app-example/app/(tabs)/_layout.tsx(5,28): error TS2307: Cannot find module '@/components/ui/icon-symbol' or its corresponding type declarations.
app-example/app/(tabs)/_layout.tsx(6,24): error TS2307: Cannot find module '@/constants/theme' or its corresponding type declarations.
app-example/app/(tabs)/_layout.tsx(7,32): error TS2307: Cannot find module '@/hooks/use-color-scheme' or its corresponding type declarations.
app-example/app/(tabs)/explore.tsx(4,29): error TS2307: Cannot find module '@/components/ui/collapsible' or its corresponding type declarations.
app-example/app/(tabs)/explore.tsx(5,30): error TS2307: Cannot find module '@/components/external-link' or its corresponding type declarations.
app-example/app/(tabs)/explore.tsx(6,32): error TS2307: Cannot find module '@/components/parallax-scroll-view' or its corresponding type declarations.
app-example/app/(tabs)/explore.tsx(7,28): error TS2307: Cannot find module '@/components/themed-text' or its corresponding type declarations.
app-example/app/(tabs)/explore.tsx(8,28): error TS2307: Cannot find module '@/components/themed-view' or its corresponding type declarations.
app-example/app/(tabs)/explore.tsx(9,28): error TS2307: Cannot find module '@/components/ui/icon-symbol' or its corresponding type declarations.
app-example/app/(tabs)/explore.tsx(10,23): error TS2307: Cannot find module '@/constants/theme' or its corresponding type declarations.
app-example/app/(tabs)/index.tsx(4,27): error TS2307: Cannot find module '@/components/hello-wave' or its corresponding type declarations.
app-example/app/(tabs)/index.tsx(5,32): error TS2307: Cannot find module '@/components/parallax-scroll-view' or its corresponding type declarations.
app-example/app/(tabs)/index.tsx(6,28): error TS2307: Cannot find module '@/components/themed-text' or its corresponding type declarations.
app-example/app/(tabs)/index.tsx(7,28): error TS2307: Cannot find module '@/components/themed-view' or its corresponding type declarations.
app-example/app/(tabs)/index.tsx(40,15): error TS2322: Type '"/modal"' is not assignable to type 'RelativePathString | ExternalPathString | "/host-dashboard" | `/host-dashboard?${string}` | `/host-dashboard#${string}` | "/" | `/?${string}` | `/#${string}` | "/my-tickets" | `/my-tickets?${string}` | ... 74 more ... | { ...; }'.
app-example/app/_layout.tsx(6,32): error TS2307: Cannot find module '@/hooks/use-color-scheme' or its corresponding type declarations.
app-example/app/modal.tsx(4,28): error TS2307: Cannot find module '@/components/themed-text' or its corresponding type declarations.
app-example/app/modal.tsx(5,28): error TS2307: Cannot find module '@/components/themed-view' or its corresponding type declarations.
app-example/components/parallax-scroll-view.tsx(10,28): error TS2307: Cannot find module '@/components/themed-view' or its corresponding type declarations.
app-example/components/parallax-scroll-view.tsx(11,32): error TS2307: Cannot find module '@/hooks/use-color-scheme' or its corresponding type declarations.
app-example/components/parallax-scroll-view.tsx(12,31): error TS2307: Cannot find module '@/hooks/use-theme-color' or its corresponding type declarations.
app-example/components/parallax-scroll-view.tsx(55,30): error TS7053: Element implicitly has an 'any' type because expression of type 'any' can't be used to index type '{ dark: string; light: string; }'.
app-example/components/themed-text.tsx(3,31): error TS2307: Cannot find module '@/hooks/use-theme-color' or its corresponding type declarations.
app-example/components/themed-view.tsx(3,31): error TS2307: Cannot find module '@/hooks/use-theme-color' or its corresponding type declarations.
app-example/components/ui/collapsible.tsx(4,28): error TS2307: Cannot find module '@/components/themed-text' or its corresponding type declarations.
app-example/components/ui/collapsible.tsx(5,28): error TS2307: Cannot find module '@/components/themed-view' or its corresponding type declarations.
app-example/components/ui/collapsible.tsx(6,28): error TS2307: Cannot find module '@/components/ui/icon-symbol' or its corresponding type declarations.
app-example/components/ui/collapsible.tsx(7,24): error TS2307: Cannot find module '@/constants/theme' or its corresponding type declarations.
app-example/components/ui/collapsible.tsx(8,32): error TS2307: Cannot find module '@/hooks/use-color-scheme' or its corresponding type declarations.
app-example/hooks/use-theme-color.ts(6,24): error TS2307: Cannot find module '@/constants/theme' or its corresponding type declarations.
app-example/hooks/use-theme-color.ts(7,32): error TS2307: Cannot find module '@/hooks/use-color-scheme' or its corresponding type declarations.
app-example/hooks/use-theme-color.ts(14,26): error TS7053: Element implicitly has an 'any' type because expression of type 'any' can't be used to index type '{ light?: string | undefined; dark?: string | undefined; }'.
components/MediaGalleryViewer.tsx(2,35): error TS2307: Cannot find module 'expo-av' or its corresponding type declarations.
lib/media.ts(27,28): error TS2339: Property 'EncodingType' does not exist on type 'typeof import("C:/Users/Andak/Desktop/partiesAt/node_modules/expo-file-system/build/index")'.
